// Jest Snapshot v1, https://goo.gl/fbAQLP

exports[`Tabs component should render tabs correctly 1`] = `
<Fragment
  key="cosiKey"
>
  <Title
    className=""
    headingLevel="h1"
    size="3xl"
  >
    cosiTitle
  </Title>
  <div>
    Here would be form
  </div>
</Fragment>
`;
